RequestManagedInstanceRoleToken
	Initialize stack step
		spanInitializeStart
		RegisterServiceMetadata
		legacyEndpointContextSetter
		SetLogger
		OperationInputValidation
		spanInitializeEnd
	Serialize stack step
		spanBuildRequestStart
		setOperationInput
		ResolveEndpoint
		OperationSerializer
	Build stack step
		ClientRequestID
		ComputeContentLength
		SetCredentialSourceMiddleware
		UserAgent
		AddTimeOffsetMiddleware
		RecursionDetection
		spanBuildRequestEnd
	Finalize stack step
		spanRetryLoop
		Retry
		ComputePayloadHash
		Signing
		spanFinalizeStart
		spanFinalizeEnd
	Deserialize stack step
		AddRawResponseToMetadata
		ErrorCloseResponseBodyMiddleware
		CloseResponseBodyMiddleware
		ResponseErrorMiddleware
		RequestIDRetrieverMiddleware
		OperationDeserializer
		RecordResponseTiming